../Core/Src/main.c:73:6:Kalman_Init	1
../Core/Src/main.c:90:7:Kalman_getAngle	1
../Core/Src/main.c:126:6:Motor_Control	7
../Core/Src/main.c:157:6:HAL_TIM_PeriodElapsedCallback	8
../Core/Src/main.c:219:5:main	1
../Core/Src/main.c:259:6:SystemClock_Config	3
../Core/Src/main.c:305:13:MX_I2C1_Init	2
../Core/Src/main.c:339:13:MX_TIM2_Init	3
../Core/Src/main.c:388:13:MX_TIM3_Init	5
../Core/Src/main.c:441:13:MX_TIM4_Init	3
../Core/Src/main.c:490:13:MX_TIM5_Init	4
../Core/Src/main.c:535:13:MX_USART2_UART_Init	2
../Core/Src/main.c:568:13:MX_GPIO_Init	1
../Core/Src/main.c:615:6:Error_Handler	1
