../Core/Src/main.c:73:6:Kalman_Init	16	static
../Core/Src/main.c:90:7:Kalman_getAngle	56	static
../Core/Src/main.c:126:6:Motor_Control	24	static
../Core/Src/main.c:157:6:HAL_TIM_PeriodElapsedCallback	32	static
../Core/Src/main.c:219:5:main	8	static
../Core/Src/main.c:259:6:SystemClock_Config	88	static
../Core/Src/main.c:305:13:MX_I2C1_Init	8	static
../Core/Src/main.c:339:13:MX_TIM2_Init	56	static
../Core/Src/main.c:388:13:MX_TIM3_Init	48	static
../Core/Src/main.c:441:13:MX_TIM4_Init	56	static
../Core/Src/main.c:490:13:MX_TIM5_Init	32	static
../Core/Src/main.c:535:13:MX_USART2_UART_Init	8	static
../Core/Src/main.c:568:13:MX_GPIO_Init	48	static
../Core/Src/main.c:615:6:Error_Handler	4	static,ignoring_inline_asm
